[0.007s] Invoking command in '/home/sebastianchu/code/ros2_tutorial/ros2_ws_tutorial/build/tutorial_interfaces': /usr/bin/cmake /home/sebastianchu/code/ros2_tutorial/ros2_ws_tutorial/src/tutorial_interfaces -DCMAKE_INSTALL_PREFIX=/home/sebastianchu/code/ros2_tutorial/ros2_ws_tutorial/install/tutorial_interfaces
[0.015s] -- Found ament_cmake: 1.3.11 (/opt/ros/humble/share/ament_cmake/cmake)
[0.103s] -- Found geometry_msgs: 4.2.4 (/opt/ros/humble/share/geometry_msgs/cmake)
[0.120s] -- Found rosidl_generator_c: 3.1.6 (/opt/ros/humble/share/rosidl_generator_c/cmake)
[0.122s] -- Found rosidl_adapter: 3.1.6 (/opt/ros/humble/share/rosidl_adapter/cmake)
[0.126s] -- Found rosidl_generator_cpp: 3.1.6 (/opt/ros/humble/share/rosidl_generator_cpp/cmake)
[0.132s] -- Using all available rosidl_typesupport_c: rosidl_typesupport_fastrtps_c;rosidl_typesupport_introspection_c
[0.141s] -- Using all available rosidl_typesupport_cpp: rosidl_typesupport_fastrtps_cpp;rosidl_typesupport_introspection_cpp
[0.164s] -- Found rosidl_default_generators: 1.2.0 (/opt/ros/humble/share/rosidl_default_generators/cmake)
[0.169s] -- Found ament_lint_auto: 0.12.11 (/opt/ros/humble/share/ament_lint_auto/cmake)
[0.204s] Error parsing '/home/sebastianchu/code/ros2_tutorial/ros2_ws_tutorial/src/tutorial_interfaces/package.xml':
[0.236s] Traceback (most recent call last):
[0.236s]   File "/usr/lib/python3/dist-packages/catkin_pkg/package.py", line 610, in parse_package_string
[0.236s]     root = dom.parseString(data)
[0.236s]   File "/usr/lib/python3.10/xml/dom/minidom.py", line 2000, in parseString
[0.236s]     return expatbuilder.parseString(string)
[0.236s]   File "/usr/lib/python3.10/xml/dom/expatbuilder.py", line 925, in parseString
[0.236s]     return builder.parseString(string)
[0.236s]   File "/usr/lib/python3.10/xml/dom/expatbuilder.py", line 223, in parseString
[0.236s]     parser.Parse(string, True)
[0.236s] xml.parsers.expat.ExpatError: mismatched tag: line 15, column 42
[0.237s] 
[0.237s] During handling of the above exception, another exception occurred:
[0.237s] 
[0.237s] Traceback (most recent call last):
[0.237s]   File "/opt/ros/humble/share/ament_cmake_core/cmake/core/package_xml_2_cmake.py", line 150, in <module>
[0.237s]     main()
[0.237s]   File "/opt/ros/humble/share/ament_cmake_core/cmake/core/package_xml_2_cmake.py", line 53, in main
[0.237s]     raise e
[0.237s]   File "/opt/ros/humble/share/ament_cmake_core/cmake/core/package_xml_2_cmake.py", line 49, in main
[0.237s]     package = parse_package_string(
[0.237s]   File "/usr/lib/python3/dist-packages/catkin_pkg/package.py", line 612, in parse_package_string
[0.237s]     raise InvalidPackage('The manifest contains invalid XML:\n%s' % ex, filename)
[0.237s] catkin_pkg.package.InvalidPackage: Error(s) in package '/home/sebastianchu/code/ros2_tutorial/ros2_ws_tutorial/src/tutorial_interfaces/package.xml':
[0.237s] The manifest contains invalid XML:
[0.237s] mismatched tag: line 15, column 42
[0.249s] [31mCMake Error at /opt/ros/humble/share/ament_cmake_core/cmake/core/ament_package_xml.cmake:95 (message):
[0.249s]   execute_process(/usr/bin/python3
[0.249s]   /opt/ros/humble/share/ament_cmake_core/cmake/core/package_xml_2_cmake.py
[0.249s]   /home/sebastianchu/code/ros2_tutorial/ros2_ws_tutorial/src/tutorial_interfaces/package.xml
[0.249s]   /home/sebastianchu/code/ros2_tutorial/ros2_ws_tutorial/build/tutorial_interfaces/ament_cmake_core/package.cmake)
[0.249s]   returned error code 1
[0.249s] Call Stack (most recent call first):
[0.249s]   /opt/ros/humble/share/ament_cmake_core/cmake/core/ament_package_xml.cmake:49 (_ament_package_xml)
[0.249s]   /opt/ros/humble/share/ament_lint_auto/cmake/ament_lint_auto_find_test_dependencies.cmake:31 (ament_package_xml)
[0.249s]   CMakeLists.txt:23 (ament_lint_auto_find_test_dependencies)
[0.249s] 
[0.249s] [0m
[0.249s] -- Configuring incomplete, errors occurred!
[0.250s] See also "/home/sebastianchu/code/ros2_tutorial/ros2_ws_tutorial/build/tutorial_interfaces/CMakeFiles/CMakeOutput.log".
[0.253s] Invoked command in '/home/sebastianchu/code/ros2_tutorial/ros2_ws_tutorial/build/tutorial_interfaces' returned '1': /usr/bin/cmake /home/sebastianchu/code/ros2_tutorial/ros2_ws_tutorial/src/tutorial_interfaces -DCMAKE_INSTALL_PREFIX=/home/sebastianchu/code/ros2_tutorial/ros2_ws_tutorial/install/tutorial_interfaces
