[0.000000] (-) TimerEvent: {}
[0.000252] (-) JobUnselected: {'identifier': 'cpp_pubsub'}
[0.000292] (-) JobUnselected: {'identifier': 'cpp_srvcli'}
[0.000479] (-) JobUnselected: {'identifier': 'my_package'}
[0.000544] (-) JobUnselected: {'identifier': 'py_pubsub'}
[0.000562] (-) JobUnselected: {'identifier': 'py_srvcli'}
[0.000591] (-) JobUnselected: {'identifier': 'turtlesim'}
[0.000606] (tutorial_interfaces) JobQueued: {'identifier': 'tutorial_interfaces', 'dependencies': OrderedDict()}
[0.000622] (tutorial_interfaces) JobStarted: {'identifier': 'tutorial_interfaces'}
[0.006264] (tutorial_interfaces) JobProgress: {'identifier': 'tutorial_interfaces', 'progress': 'cmake'}
[0.006643] (tutorial_interfaces) Command: {'cmd': ['/usr/bin/cmake', '/home/sebastianchu/code/ros2_tutorial/ros2_ws_tutorial/src/tutorial_interfaces', '-DCMAKE_INSTALL_PREFIX=/home/sebastianchu/code/ros2_tutorial/ros2_ws_tutorial/install/tutorial_interfaces'], 'cwd': '/home/sebastianchu/code/ros2_tutorial/ros2_ws_tutorial/build/tutorial_interfaces', 'env': OrderedDict([('LANGUAGE', 'en_US'), ('USER', 'sebastianchu'), ('XDG_SEAT', 'seat0'), ('XDG_SESSION_TYPE', 'x11'), ('SHLVL', '1'), ('LD_LIBRARY_PATH', '/home/sebastianchu/code/ros2_tutorial/ros2_ws_tutorial/install/turtlesim/lib:/home/sebastianchu/ros2_ws/install/moveit_servo/lib:/opt/ros/humble/opt/rviz_ogre_vendor/lib:/opt/ros/humble/lib/x86_64-linux-gnu:/opt/ros/humble/lib'), ('HOME', '/home/sebastianchu'), ('OLDPWD', '/home/sebastianchu/code/ros2_tutorial/ros2_ws_tutorial/src'), ('LESS', '-R'), ('DESKTOP_SESSION', 'cinnamon'), ('ZSH', '/home/sebastianchu/.oh-my-zsh'), ('LSCOLORS', 'Gxfxcxdxbxegedabagacad'), ('GTK_MODULES', 'gail:atk-bridge'), ('XDG_SEAT_PATH', '/org/freedesktop/DisplayManager/Seat0'), ('PAGER', 'less'), ('ROS_PYTHON_VERSION', '3'), ('DBUS_SESSION_BUS_ADDRESS', 'unix:path=/run/user/1000/bus'), ('CINNAMON_VERSION', '6.0.4'), ('COLORTERM', 'truecolor'), ('MANDATORY_PATH', '/usr/share/gconf/cinnamon.mandatory.path'), ('QT_QPA_PLATFORMTHEME', 'qt5ct'), ('ROS_DISTRO', 'humble'), ('COLCON_PREFIX_PATH', '/home/sebastianchu/code/ros2_tutorial/ros2_ws_tutorial/install:/home/sebastianchu/ros2_ws/install'), ('GTK_IM_MODULE', 'ibus'), ('LOGNAME', 'sebastianchu'), ('_', '/usr/bin/colcon'), ('DEFAULTS_PATH', '/usr/share/gconf/cinnamon.default.path'), ('XDG_SESSION_CLASS', 'user'), ('ROS_VERSION', '2'), ('XDG_SESSION_ID', 'c2'), ('TERM', 'xterm-256color'), ('GNOME_DESKTOP_SESSION_ID', 'this-is-deprecated'), ('ROS_LOCALHOST_ONLY', '0'), ('PATH', '/opt/ros/humble/bin:/home/sebastianchu/.local/bin:/usr/local/sbin:/usr/local/bin:/usr/sbin:/usr/bin:/sbin:/bin:/usr/games:/usr/local/games:/snap/bin'), ('SESSION_MANAGER', 'local/sebastianchu-XPS-13-9310:@/tmp/.ICE-unix/1383,unix/sebastianchu-XPS-13-9310:/tmp/.ICE-unix/1383'), ('GTK3_MODULES', 'xapp-gtk3-module'), ('GDM_LANG', 'en_US'), ('GNOME_TERMINAL_SCREEN', '/org/gnome/Terminal/screen/cca055ef_446b_4392_a1dc_a7602aabb5ed'), ('XDG_SESSION_PATH', '/org/freedesktop/DisplayManager/Session0'), ('XDG_RUNTIME_DIR', '/run/user/1000'), ('DISPLAY', ':0'), ('XDG_CURRENT_DESKTOP', 'X-Cinnamon'), ('LANG', 'en_US.UTF-8'), ('XDG_SESSION_DESKTOP', 'cinnamon'), ('GNOME_TERMINAL_SERVICE', ':1.283'), ('XMODIFIERS', '@im=ibus'), ('XAUTHORITY', '/home/sebastianchu/.Xauthority'), ('LS_COLORS', 'rs=0:di=01;34:ln=01;36:mh=00:pi=40;33:so=01;35:do=01;35:bd=40;33;01:cd=40;33;01:or=40;31;01:mi=00:su=37;41:sg=30;43:ca=30;41:tw=30;42:ow=34;42:st=37;44:ex=01;32:*.tar=01;31:*.tgz=01;31:*.arc=01;31:*.arj=01;31:*.taz=01;31:*.lha=01;31:*.lz4=01;31:*.lzh=01;31:*.lzma=01;31:*.tlz=01;31:*.txz=01;31:*.tzo=01;31:*.t7z=01;31:*.zip=01;31:*.z=01;31:*.dz=01;31:*.gz=01;31:*.lrz=01;31:*.lz=01;31:*.lzo=01;31:*.xz=01;31:*.zst=01;31:*.tzst=01;31:*.bz2=01;31:*.bz=01;31:*.tbz=01;31:*.tbz2=01;31:*.tz=01;31:*.deb=01;31:*.rpm=01;31:*.jar=01;31:*.war=01;31:*.ear=01;31:*.sar=01;31:*.rar=01;31:*.alz=01;31:*.ace=01;31:*.zoo=01;31:*.cpio=01;31:*.7z=01;31:*.rz=01;31:*.cab=01;31:*.wim=01;31:*.swm=01;31:*.dwm=01;31:*.esd=01;31:*.jpg=01;35:*.jpeg=01;35:*.mjpg=01;35:*.mjpeg=01;35:*.gif=01;35:*.bmp=01;35:*.pbm=01;35:*.pgm=01;35:*.ppm=01;35:*.tga=01;35:*.xbm=01;35:*.xpm=01;35:*.tif=01;35:*.tiff=01;35:*.png=01;35:*.svg=01;35:*.svgz=01;35:*.mng=01;35:*.pcx=01;35:*.mov=01;35:*.mpg=01;35:*.mpeg=01;35:*.m2v=01;35:*.mkv=01;35:*.webm=01;35:*.webp=01;35:*.ogm=01;35:*.mp4=01;35:*.m4v=01;35:*.mp4v=01;35:*.vob=01;35:*.qt=01;35:*.nuv=01;35:*.wmv=01;35:*.asf=01;35:*.rm=01;35:*.rmvb=01;35:*.flc=01;35:*.avi=01;35:*.fli=01;35:*.flv=01;35:*.gl=01;35:*.dl=01;35:*.xcf=01;35:*.xwd=01;35:*.yuv=01;35:*.cgm=01;35:*.emf=01;35:*.ogv=01;35:*.ogx=01;35:*.aac=00;36:*.au=00;36:*.flac=00;36:*.m4a=00;36:*.mid=00;36:*.midi=00;36:*.mka=00;36:*.mp3=00;36:*.mpc=00;36:*.ogg=00;36:*.ra=00;36:*.wav=00;36:*.oga=00;36:*.opus=00;36:*.spx=00;36:*.xspf=00;36:'), ('SSH_AUTH_SOCK', '/run/user/1000/keyring/ssh'), ('XDG_GREETER_DATA_DIR', '/var/lib/lightdm-data/sebastianchu'), ('AMENT_PREFIX_PATH', '/home/sebastianchu/code/ros2_tutorial/ros2_ws_tutorial/install/turtlesim:/home/sebastianchu/code/ros2_tutorial/ros2_ws_tutorial/install/py_srvcli:/home/sebastianchu/code/ros2_tutorial/ros2_ws_tutorial/install/py_pubsub:/home/sebastianchu/code/ros2_tutorial/ros2_ws_tutorial/install/my_package:/home/sebastianchu/code/ros2_tutorial/ros2_ws_tutorial/install/cpp_srvcli:/home/sebastianchu/code/ros2_tutorial/ros2_ws_tutorial/install/cpp_pubsub:/home/sebastianchu/ros2_ws/install/serial_comm:/home/sebastianchu/ros2_ws/install/send_target_joint_degrees:/home/sebastianchu/ros2_ws/install/moveit_servo:/home/sebastianchu/ros2_ws/install/karura_arm_moveit_config:/home/sebastianchu/ros2_ws/install/karura_arm_description:/home/sebastianchu/ros2_ws/install/arm_controller:/opt/ros/humble'), ('SHELL', '/usr/bin/zsh'), ('QT_ACCESSIBILITY', '1'), ('GDMSESSION', 'cinnamon'), ('GPG_AGENT_INFO', '/run/user/1000/gnupg/S.gpg-agent:0:1'), ('QT_IM_MODULE', 'ibus'), ('XDG_VTNR', '7'), ('PWD', '/home/sebastianchu/code/ros2_tutorial/ros2_ws_tutorial/build/tutorial_interfaces'), ('XDG_CONFIG_DIRS', '/etc/xdg/xdg-cinnamon:/etc/xdg'), ('CLUTTER_IM_MODULE', 'ibus'), ('XDG_DATA_DIRS', '/usr/share/cinnamon:/usr/share/gnome:/home/sebastianchu/.local/share/flatpak/exports/share:/var/lib/flatpak/exports/share:/usr/local/share:/usr/share:/var/lib/snapd/desktop'), ('PYTHONPATH', '/home/sebastianchu/code/ros2_tutorial/ros2_ws_tutorial/install/turtlesim/local/lib/python3.10/dist-packages:/home/sebastianchu/code/ros2_tutorial/ros2_ws_tutorial/install/py_srvcli/lib/python3.10/site-packages:/home/sebastianchu/code/ros2_tutorial/ros2_ws_tutorial/install/py_pubsub/lib/python3.10/site-packages:/home/sebastianchu/ros2_ws/install/serial_comm/lib/python3.10/site-packages:/home/sebastianchu/ros2_ws/install/send_target_joint_degrees/lib/python3.10/site-packages:/home/sebastianchu/ros2_ws/install/karura_arm_description/lib/python3.10/site-packages:/opt/ros/humble/lib/python3.10/site-packages:/opt/ros/humble/local/lib/python3.10/dist-packages'), ('COLCON', '1'), ('VTE_VERSION', '6800'), ('CMAKE_PREFIX_PATH', '/home/sebastianchu/code/ros2_tutorial/ros2_ws_tutorial/install/turtlesim:/home/sebastianchu/code/ros2_tutorial/ros2_ws_tutorial/install/my_package:/home/sebastianchu/code/ros2_tutorial/ros2_ws_tutorial/install/cpp_srvcli:/home/sebastianchu/code/ros2_tutorial/ros2_ws_tutorial/install/cpp_pubsub:/home/sebastianchu/ros2_ws/install/moveit_servo:/home/sebastianchu/ros2_ws/install/karura_arm_moveit_config:/home/sebastianchu/ros2_ws/install/arm_controller')]), 'shell': False}
[0.015704] (tutorial_interfaces) StdoutLine: {'line': b'-- Found ament_cmake: 1.3.11 (/opt/ros/humble/share/ament_cmake/cmake)\n'}
[0.099209] (-) TimerEvent: {}
[0.103893] (tutorial_interfaces) StdoutLine: {'line': b'-- Found geometry_msgs: 4.2.4 (/opt/ros/humble/share/geometry_msgs/cmake)\n'}
[0.120659] (tutorial_interfaces) StdoutLine: {'line': b'-- Found rosidl_generator_c: 3.1.6 (/opt/ros/humble/share/rosidl_generator_c/cmake)\n'}
[0.122261] (tutorial_interfaces) StdoutLine: {'line': b'-- Found rosidl_adapter: 3.1.6 (/opt/ros/humble/share/rosidl_adapter/cmake)\n'}
[0.126153] (tutorial_interfaces) StdoutLine: {'line': b'-- Found rosidl_generator_cpp: 3.1.6 (/opt/ros/humble/share/rosidl_generator_cpp/cmake)\n'}
[0.132832] (tutorial_interfaces) StdoutLine: {'line': b'-- Using all available rosidl_typesupport_c: rosidl_typesupport_fastrtps_c;rosidl_typesupport_introspection_c\n'}
[0.141189] (tutorial_interfaces) StdoutLine: {'line': b'-- Using all available rosidl_typesupport_cpp: rosidl_typesupport_fastrtps_cpp;rosidl_typesupport_introspection_cpp\n'}
[0.164636] (tutorial_interfaces) StdoutLine: {'line': b'-- Found rosidl_default_generators: 1.2.0 (/opt/ros/humble/share/rosidl_default_generators/cmake)\n'}
[0.169293] (tutorial_interfaces) StdoutLine: {'line': b'-- Found ament_lint_auto: 0.12.11 (/opt/ros/humble/share/ament_lint_auto/cmake)\n'}
[0.199381] (-) TimerEvent: {}
[0.204904] (tutorial_interfaces) StderrLine: {'line': b"Error parsing '/home/sebastianchu/code/ros2_tutorial/ros2_ws_tutorial/src/tutorial_interfaces/package.xml':\n"}
[0.236154] (tutorial_interfaces) StderrLine: {'line': b'Traceback (most recent call last):\n'}
[0.236397] (tutorial_interfaces) StderrLine: {'line': b'  File "/usr/lib/python3/dist-packages/catkin_pkg/package.py", line 610, in parse_package_string\n'}
[0.236546] (tutorial_interfaces) StderrLine: {'line': b'    root = dom.parseString(data)\n'}
[0.236645] (tutorial_interfaces) StderrLine: {'line': b'  File "/usr/lib/python3.10/xml/dom/minidom.py", line 2000, in parseString\n'}
[0.236718] (tutorial_interfaces) StderrLine: {'line': b'    return expatbuilder.parseString(string)\n'}
[0.236787] (tutorial_interfaces) StderrLine: {'line': b'  File "/usr/lib/python3.10/xml/dom/expatbuilder.py", line 925, in parseString\n'}
[0.236859] (tutorial_interfaces) StderrLine: {'line': b'    return builder.parseString(string)\n'}
[0.236929] (tutorial_interfaces) StderrLine: {'line': b'  File "/usr/lib/python3.10/xml/dom/expatbuilder.py", line 223, in parseString\n'}
[0.236997] (tutorial_interfaces) StderrLine: {'line': b'    parser.Parse(string, True)\n'}
[0.237062] (tutorial_interfaces) StderrLine: {'line': b'xml.parsers.expat.ExpatError: mismatched tag: line 15, column 42\n'}
[0.237115] (tutorial_interfaces) StderrLine: {'line': b'\n'}
[0.237170] (tutorial_interfaces) StderrLine: {'line': b'During handling of the above exception, another exception occurred:\n'}
[0.237224] (tutorial_interfaces) StderrLine: {'line': b'\n'}
[0.237276] (tutorial_interfaces) StderrLine: {'line': b'Traceback (most recent call last):\n'}
[0.237326] (tutorial_interfaces) StderrLine: {'line': b'  File "/opt/ros/humble/share/ament_cmake_core/cmake/core/package_xml_2_cmake.py", line 150, in <module>\n'}
[0.237379] (tutorial_interfaces) StderrLine: {'line': b'    main()\n'}
[0.237433] (tutorial_interfaces) StderrLine: {'line': b'  File "/opt/ros/humble/share/ament_cmake_core/cmake/core/package_xml_2_cmake.py", line 53, in main\n'}
[0.237489] (tutorial_interfaces) StderrLine: {'line': b'    raise e\n'}
[0.237541] (tutorial_interfaces) StderrLine: {'line': b'  File "/opt/ros/humble/share/ament_cmake_core/cmake/core/package_xml_2_cmake.py", line 49, in main\n'}
[0.237595] (tutorial_interfaces) StderrLine: {'line': b'    package = parse_package_string(\n'}
[0.237649] (tutorial_interfaces) StderrLine: {'line': b'  File "/usr/lib/python3/dist-packages/catkin_pkg/package.py", line 612, in parse_package_string\n'}
[0.237703] (tutorial_interfaces) StderrLine: {'line': b"    raise InvalidPackage('The manifest contains invalid XML:\\n%s' % ex, filename)\n"}
[0.237757] (tutorial_interfaces) StderrLine: {'line': b"catkin_pkg.package.InvalidPackage: Error(s) in package '/home/sebastianchu/code/ros2_tutorial/ros2_ws_tutorial/src/tutorial_interfaces/package.xml':\n"}
[0.237813] (tutorial_interfaces) StderrLine: {'line': b'The manifest contains invalid XML:\n'}
[0.237870] (tutorial_interfaces) StderrLine: {'line': b'mismatched tag: line 15, column 42\n'}
[0.249277] (tutorial_interfaces) StderrLine: {'line': b'\x1b[31mCMake Error at /opt/ros/humble/share/ament_cmake_core/cmake/core/ament_package_xml.cmake:95 (message):\n'}
[0.249479] (tutorial_interfaces) StderrLine: {'line': b'  execute_process(/usr/bin/python3\n'}
[0.249553] (tutorial_interfaces) StderrLine: {'line': b'  /opt/ros/humble/share/ament_cmake_core/cmake/core/package_xml_2_cmake.py\n'}
[0.249597] (tutorial_interfaces) StderrLine: {'line': b'  /home/sebastianchu/code/ros2_tutorial/ros2_ws_tutorial/src/tutorial_interfaces/package.xml\n'}
[0.249639] (tutorial_interfaces) StderrLine: {'line': b'  /home/sebastianchu/code/ros2_tutorial/ros2_ws_tutorial/build/tutorial_interfaces/ament_cmake_core/package.cmake)\n'}
[0.249680] (tutorial_interfaces) StderrLine: {'line': b'  returned error code 1\n'}
[0.249720] (tutorial_interfaces) StderrLine: {'line': b'Call Stack (most recent call first):\n'}
[0.249761] (tutorial_interfaces) StderrLine: {'line': b'  /opt/ros/humble/share/ament_cmake_core/cmake/core/ament_package_xml.cmake:49 (_ament_package_xml)\n'}
[0.249802] (tutorial_interfaces) StderrLine: {'line': b'  /opt/ros/humble/share/ament_lint_auto/cmake/ament_lint_auto_find_test_dependencies.cmake:31 (ament_package_xml)\n'}
[0.249843] (tutorial_interfaces) StderrLine: {'line': b'  CMakeLists.txt:23 (ament_lint_auto_find_test_dependencies)\n'}
[0.249883] (tutorial_interfaces) StderrLine: {'line': b'\n'}
[0.249923] (tutorial_interfaces) StderrLine: {'line': b'\x1b[0m\n'}
[0.250065] (tutorial_interfaces) StdoutLine: {'line': b'-- Configuring incomplete, errors occurred!\n'}
[0.250146] (tutorial_interfaces) StdoutLine: {'line': b'See also "/home/sebastianchu/code/ros2_tutorial/ros2_ws_tutorial/build/tutorial_interfaces/CMakeFiles/CMakeOutput.log".\n'}
[0.253350] (tutorial_interfaces) CommandEnded: {'returncode': 1}
[0.253953] (tutorial_interfaces) JobEnded: {'identifier': 'tutorial_interfaces', 'rc': 1}
[0.264594] (-) EventReactorShutdown: {}
